Host Server Certificate Configuration

STEP 1 ON CA SERVER â€“ CREATE HOST SIGNING KEY
1
2
3
4
5
6
7
8
9
10
11
12
13
14
15
16
17
18
19
20
21
22
23
24
25
graham@graz-baz:~/.WiP $ ssh-keygen -t rsa -N '' -C HOST-CA -b 4096 -f host-ca
Generating public/private rsa key pair.
Your identification has been saved in host-ca.
Your public key has been saved in host-ca.pub.
The key fingerprint is:
SHA256:uKJqQBCvoukiJ6n0GRX6Me8/VmHUB6bps81ekpUjdJ8 HOST-CA
The keys randomart image is:
+---[RSA 4096]----+
|.. .o. |
|.. .+. . |
|. . . .o ... |
| o . .. .o. . +|
|+ . +. S .o.. E.|
|+. o +. .= + .|
|+o ..... .. = . |
|B.o.o.. o . o |
|B=.o .o.. . |
+----[SHA256]-----+
graham@graz-baz:~/.WiP $ ls -al
total 16
drwx------ 2 graham graham 4096 Jan 3 12:35 .
drwxr-xr-x 19 graham graham 4096 Jan 3 12:14 ..
-rw------- 1 graham graham 3247 Jan 3 12:35 host-ca
-rw-r--r-- 1 graham graham 733 Jan 3 12:35 host-ca.pub
graham@graz-baz:~/.WiP $
Notes:

omit -N if you want to include a passphrase with the key generation
-t type can be dsa, rsa, ecdsa or ed25519. I choose rsa as itâ€™s widely accepted everywhere though less secure.
-b key size of 4096 bits to delay brute force attacks â€“ all bets are off when we have qbit mobile phones ðŸ˜‰
STEP 2 ON TARGET HOST SERVER(S) â€“ CREATE A NEW HOST SSH KEY PAIR (OPTIONAL, IF KEYS EXIST)
1
2
3
4
5
6
7
8
9
10
11
12
13
14
15
16
17
18
19
20
21
22
23
24
25
26
27
28
29
30
31
32
33
34
35
36
37
38
39
root@redis01:# sudo ssh-keygen -N '' -C HOST-KEY -t rsa -b 4096 -h -f /etc/ssh/ssh_host_rsa_key
Generating public/private rsa key pair.
/etc/ssh/ssh_host_rsa_key already exists.
Overwrite (y/n)? y
Your identification has been saved in /etc/ssh/ssh_host_rsa_key.
Your public key has been saved in /etc/ssh/ssh_host_rsa_key.pub.
The key fingerprint is:
SHA256:3lpUNJcP8GDhkHmozrhP4XA99s16AaV0kLI1fysjpEc HOST-KEY
The keys randomart image is:
+---[RSA 4096]----+
| .+O=.. |
| ==*== |
| . *o*.o |
| ...Eo . o|
| .+S O . ..|
| .=o* = =.. |
| .+ + o =. |
| .. o .. |
| .o .. |
+----[SHA256]-----+
root@redis01:~# ls -al /etc/ssh/
total 596
drwxr-xr-x 2 root root 4096 Jan 2 22:51 .
drwxr-xr-x 89 root root 4096 Jan 2 23:57 ..
-rw-r--r-- 1 root root 384 Jan 2 22:51 hashistack-ca.pub
-rw-r--r-- 1 root root 553122 Mar 4 2019 moduli
-rw-r--r-- 1 root root 1580 Mar 4 2019 ssh_config
-rw-r--r-- 1 root root 3362 Jan 2 22:51 sshd_config
-rw------- 1 root root 227 Jan 2 22:45 ssh_host_ecdsa_key
-rw-r--r-- 1 root root 1083 Jan 2 22:51 ssh_host_ecdsa_key-cert.pub
-rw-r--r-- 1 root root 174 Jan 2 22:45 ssh_host_ecdsa_key.pub
-rw------- 1 root root 399 Jan 2 22:45 ssh_host_ed25519_key
-rw-r--r-- 1 root root 94 Jan 2 22:45 ssh_host_ed25519_key.pub
-rw------- 1 root root 3243 Jan 3 13:38 ssh_host_rsa_key
-rw-r--r-- 1 root root 734 Jan 3 13:38 ssh_host_rsa_key.pub
-rw-r--r-- 1 root root 338 Jan 2 22:45 ssh_import_id
root@redis01:~# date
Fri Jan 3 13:38:52 UTC 2020
root@redis01:~#
Notes:

For my dev environment I use the same host keys and certificates on all host servers (cloned from the same template). Possibly not a good idea for production but better than what I've got today.
HashiCorp's Vault provides a neat API based PKI CA signing solution when you need to scale and maintain certificate management and auditability. This will be implemented nextâ€¦
STEP 3 ON CA SERVER â€“ COPY OVER PUBLIC HOST KEY(S)
1
2
3
4
5
6
7
8
9
10
graham@graz-baz:~/.WiP $ mkdir tmp-keys
graham@graz-baz:~/.WiP $ cd tmp-keys/
graham@graz-baz:~/.WiP/tmp-keys $ scp root@192.168.9.200:/etc/ssh/ssh_host_rsa_key.pub .
ssh_host_rsa_key.pub 100% 734 416.9KB/s 00:00
graham@graz-baz:~/.WiP/tmp-keys $ ls -al
total 12
drwxr-xr-x 2 graham graham 4096 Jan 3 13:44 .
drwx------ 3 graham graham 4096 Jan 3 13:42 ..
-rw-r--r-- 1 graham graham 734 Jan 3 13:44 ssh_host_rsa_key.pub
graham@graz-baz:~/.WiP/tmp-keys $
STEP 4 ON CA SERVER â€“ CREATE SIGNED SSH HOST CERTIFICATE
1
2
3
4
5
6
7
8
9
10
11
12
graham@graz-baz:~/.WiP/tmp-keys $ ssh-keygen -s ../host-ca -I dev_host_server -h -V -5m:+52w ssh_host_rsa_key.pub
Signed host key ssh_host_rsa_key-cert.pub: id "dev_host_server" serial 0 valid from 2020-01-03T16:51:35 to 2021-01-01T16:56:35
...
graham@graz-baz:~/.WiP/tmp-keys $ date
Fri 3 Jan 14:15:47 GMT 2020
graham@graz-baz:~/.WiP/tmp-keys $ ls -al
total 16
drwxr-xr-x 2 graham graham 4096 Jan 3 14:15 .
drwx------ 3 graham graham 4096 Jan 3 13:42 ..
-rw-r--r-- 1 graham graham 2359 Jan 3 14:15 ssh_host_rsa_key-cert.pub
-rw-r--r-- 1 graham graham 734 Jan 3 13:44 ssh_host_rsa_key.pub
graham@graz-baz:~/.WiP/tmp-keys $
STEP 5 ON CA SERVER â€“ COPY NEW SSH HOST CERTIFICATE BACK TO HOST
On CA Server

1
2
3
graham@graz-baz:~/.WiP/tmp-keys $ scp ssh_host_rsa_key-cert.pub root@192.168.9.200:/etc/ssh/ssh_host_rsa_key-cert.pub
ssh_host_rsa_key-cert.pub 100% 2359 973.0KB/s 00:00
graham@graz-baz:~/.WiP/tmp-keys $
On Host Server

1
2
3
4
5
6
7
8
9
10
11
12
13
14
15
16
17
18
root@redis01:~# ls -al /etc/ssh/
total 600
drwxr-xr-x 2 root root 4096 Jan 3 14:38 .
drwxr-xr-x 89 root root 4096 Jan 2 23:57 ..
-rw-r--r-- 1 root root 384 Jan 2 22:51 hashistack-ca.pub
-rw-r--r-- 1 root root 553122 Mar 4 2019 moduli
-rw-r--r-- 1 root root 1580 Mar 4 2019 ssh_config
-rw-r--r-- 1 root root 3362 Jan 2 22:51 sshd_config
-rw------- 1 root root 227 Jan 2 22:45 ssh_host_ecdsa_key
-rw-r--r-- 1 root root 1083 Jan 2 22:51 ssh_host_ecdsa_key-cert.pub
-rw-r--r-- 1 root root 174 Jan 2 22:45 ssh_host_ecdsa_key.pub
-rw------- 1 root root 399 Jan 2 22:45 ssh_host_ed25519_key
-rw-r--r-- 1 root root 94 Jan 2 22:45 ssh_host_ed25519_key.pub
-rw------- 1 root root 3243 Jan 3 13:38 ssh_host_rsa_key
-rw-r--r-- 1 root root 2359 Jan 3 14:38 ssh_host_rsa_key-cert.pub
-rw-r--r-- 1 root root 734 Jan 3 13:38 ssh_host_rsa_key.pub
-rw-r--r-- 1 root root 338 Jan 2 22:45 ssh_import_id
root@redis01:~#
STEP 6 ON CA SERVER â€“ TIDY UP
1
2
3
4
5
6
7
8
9
10
11
12
graham@graz-baz:~/.WiP/tmp-keys $ ls -al
total 16
drwxr-xr-x 2 graham graham 4096 Jan 3 14:15 .
drwx------ 3 graham graham 4096 Jan 3 13:42 ..
-rw-r--r-- 1 graham graham 2359 Jan 3 14:15 ssh_host_rsa_key-cert.pub
-rw-r--r-- 1 graham graham 734 Jan 3 13:44 ssh_host_rsa_key.pub
graham@graz-baz:~/.WiP/tmp-keys $ rm ssh_host_rsa_key.pub ssh_host_rsa_key-cert.pub
graham@graz-baz:~/.WiP/tmp-keys $ ls -al
total 8
drwxr-xr-x 2 graham graham 4096 Jan 3 15:41 .
drwx------ 3 graham graham 4096 Jan 3 13:42 ..
graham@graz-baz:~/.WiP/tmp-keys $
STEP 7 ON HOST SERVER â€“ CONFIGURE SSH TO USE NEW HOST CERTIFICATE
1
2
3
4
5
6
7
8
9
10
11
12
13
14
15
16
17
18
19
20
21
22
root@redis01:~# grep -qxF 'HostCertificate /etc/ssh/ssh_host_rsa_key-cert.pub' /etc/ssh/sshd_config || echo 'HostCertificate /etc/ssh/ssh_host_rsa_key-cert.pub' | sudo tee -a /etc/ssh/sshd_config
HostCertificate /etc/ssh/ssh_host_rsa_key-cert.pub
root@redis01:~# grep HostCertificate /etc/ssh/sshd_config
HostCertificate /etc/ssh/ssh_host_rsa_key-cert.pub
root@redis01:~# sudo systemctl restart ssh
root@redis01:~# sudo systemctl status ssh
â— ssh.service - OpenBSD Secure Shell server
Loaded: loaded (/lib/systemd/system/ssh.service; enabled; vendor preset: enabled)
Active: active (running) since Fri 2020-01-03 15:33:29 UTC; 6s ago
Process: 31111 ExecStartPre=/usr/sbin/sshd -t (code=exited, status=0/SUCCESS)
Main PID: 31112 (sshd)
Tasks: 1 (limit: 1112)
CGroup: /system.slice/ssh.service
â””â”€31112 /usr/sbin/sshd -D
 
Jan 03 15:33:29 redis01 systemd[1]: Stopping OpenBSD Secure Shell server...
Jan 03 15:33:29 redis01 systemd[1]: Stopped OpenBSD Secure Shell server.
Jan 03 15:33:29 redis01 systemd[1]: Starting OpenBSD Secure Shell server...
Jan 03 15:33:29 redis01 sshd[31112]: Server listening on 0.0.0.0 port 22.
Jan 03 15:33:29 redis01 sshd[31112]: Server listening on :: port 22.
Jan 03 15:33:29 redis01 systemd[1]: Started OpenBSD Secure Shell server.
root@redis01:~#
STEP 8 ON CA SERVER â€“ CAPTURE DETAILS OF HOST CA PUBLIC KEY
1
2
3
4
graham@graz-baz:~/.WiP $ ls
host-ca host-ca.pub tmp-keys
graham@graz-baz:~/.WiP $ cat host-ca.pub
ssh-rsa AAAAB3NzaC1yc2EAAAADAQABAAACAQDFmZo/bkvhmUEjx3erXC+rZ1R3htLHtz0VzZNpgQD2sT2KZLW3yBiKYIKgxICM04MQsVHY1k5y4ek/tgnw05m5KOO5KTHxxKjcBKf2EyvwG0o8vnzo6UgweqXEePigAzSGQfcsGp75tVu3qmeLKXtJOo1WaWmTSNH4Qoq89xRiPslCVDi1i2VEPxJi3+eeFL5WO+nBK9Xt28DaXY4B43sgC1KC6DSRUR2JhlgPGMKP2eTE5+UaEldyPVzdIl2j3tLsaURfr+cZ6ryPEE9phT1bjcOSC3A88NrROZH1FvpZpG6NQPXusTWjre/NIz2TdG44AopbFRKAEpMVFw67AJ6oDWHPTrh2TGh3SQEIIZTdhudZIHnwiSBuKUOqyV65KH/mmy5gr8X2miHbM+qh6ISjqwPN6TjAhUPgkjxtwa7K+tDseBoFsrRIgP65hHAIlEFodHUI8Lu3P5HswH39z8ouEDR+qU54z9JO/E0Mw9YQPk19A6jr7o9/06wqSXfkVmS1VwvyZI90Zqrtg4+lZ3Zq/GLDqpxTlakfEAddOd9Ns01GgeSab4mKDwB6r2VTsunXQ4DDJkzxm9ioJmX7Ctv9J50Hqqcv+kiM8jJHrsB4IIrc0Cc/qb08YAo//i44JTuPxs2+FS2ifDmQA+TK5fJxwUIQJ6KDQ+0wB+T6yeYMJw== HOST-CA
STEP 9 ON CLIENT(S) â€“ CONFIGURE HOST CA PUBLIC KEY
Before the host-ca public key is added:

1
2
3
4
5
6
7
8
9
10
11
12
13
14
15
16
17
18
19
20
21
22
23
24
25
26
27
28
29
30
31
32
33
34
35
36
37
38
39
40
41
42
43
44
graham@graz-baz:~/web_page_counter/terraform/VMware/Dev/Monolith $ ssh -v root@192.168.9.200
OpenSSH_7.4p1 Raspbian-10+deb9u7, OpenSSL 1.0.2u 20 Dec 2019
debug1: Reading configuration data /etc/ssh/ssh_config
debug1: /etc/ssh/ssh_config line 19: Applying options for *
debug1: Connecting to 192.168.9.200 [192.168.9.200] port 22.
debug1: Connection established.
debug1: identity file /home/graham/.ssh/id_rsa type 1
debug1: identity file /home/graham/.ssh/id_rsa-cert type 5
debug1: key_load_public: No such file or directory
debug1: identity file /home/graham/.ssh/id_dsa type -1
debug1: key_load_public: No such file or directory
debug1: identity file /home/graham/.ssh/id_dsa-cert type -1
debug1: key_load_public: No such file or directory
debug1: identity file /home/graham/.ssh/id_ecdsa type -1
debug1: key_load_public: No such file or directory
debug1: identity file /home/graham/.ssh/id_ecdsa-cert type -1
debug1: key_load_public: No such file or directory
debug1: identity file /home/graham/.ssh/id_ed25519 type -1
debug1: key_load_public: No such file or directory
debug1: identity file /home/graham/.ssh/id_ed25519-cert type -1
debug1: Enabling compatibility mode for protocol 2.0
debug1: Local version string SSH-2.0-OpenSSH_7.4p1 Raspbian-10+deb9u7
debug1: Remote protocol version 2.0, remote software version OpenSSH_7.6p1 Ubuntu-4ubuntu0.3
debug1: match: OpenSSH_7.6p1 Ubuntu-4ubuntu0.3 pat OpenSSH* compat 0x04000000
debug1: Authenticating to 192.168.9.200:22 as 'root'
debug1: SSH2_MSG_KEXINIT sent
debug1: SSH2_MSG_KEXINIT received
debug1: kex: algorithm: curve25519-sha256
debug1: kex: host key algorithm: ssh-rsa-cert-v01@openssh.com
debug1: kex: server->client cipher: chacha20-poly1305@openssh.com MAC: compression: none
 
debug1: kex: client->server cipher: chacha20-poly1305@openssh.com MAC: compression: none
 
debug1: expecting SSH2_MSG_KEX_ECDH_REPLY
 
debug1: Server host certificate: ssh-rsa-cert-v01@openssh.com SHA256:3lpUNJcP8GDhkHmozrhP4XA99s16AaV0kLI1fysjpEc, serial 0 ID "dev_host_server" CA ssh-rsa SHA256:uKJqQBCvoukiJ6n0GRX6Me8/VmHUB6bps81ekpUjdJ8 valid from 2020-01-03T14:10:32 to 2021-01-01T14:15:32
 
debug1: No matching CA found. Retry with plain key
 
The authenticity of host '192.168.9.200 (192.168.9.200)' cant be established.
 
RSA key fingerprint is SHA256:3lpUNJcP8GDhkHmozrhP4XA99s16AaV0kLI1fysjpEc.
 
Are you sure you want to continue connecting (yes/no)?
Adding the host-ca public key :

1
2
3
4
5
6
graham@graz-baz:~/web_page_counter/terraform/VMware/Dev/Monolith $ grep -qxF 'ssh-rsa AAAAB3NzaC1yc2EAAAADAQABAAACAQDFmZo/bkvhmUEjx3erXC+rZ1R3htLHtz0VzZNpgQD2sT2KZLW3yBiKYIKgxICM04MQsVHY1k5y4ek/tgnw05m5KOO5KTHxxKjcBKf2EyvwG0o8vnzo6UgweqXEePigAzSGQfcsGp75tVu3qmeLKXtJOo1WaWmTSNH4Qoq89xRiPslCVDi1i2VEPxJi3+eeFL5WO+nBK9Xt28DaXY4B43sgC1KC6DSRUR2JhlgPGMKP2eTE5+UaEldyPVzdIl2j3tLsaURfr+cZ6ryPEE9phT1bjcOSC3A88NrROZH1FvpZpG6NQPXusTWjre/NIz2TdG44AopbFRKAEpMVFw67AJ6oDWHPTrh2TGh3SQEIIZTdhudZIHnwiSBuKUOqyV65KH/mmy5gr8X2miHbM+qh6ISjqwPN6TjAhUPgkjxtwa7K+tDseBoFsrRIgP65hHAIlEFodHUI8Lu3P5HswH39z8ouEDR+qU54z9JO/E0Mw9YQPk19A6jr7o9/06wqSXfkVmS1VwvyZI90Zqrtg4+lZ3Zq/GLDqpxTlakfEAddOd9Ns01GgeSab4mKDwB6r2VTsunXQ4DDJkzxm9ioJmX7Ctv9J50Hqqcv+kiM8jJHrsB4IIrc0Cc/qb08YAo//i44JTuPxs2+FS2ifDmQA+TK5fJxwUIQJ6KDQ+0wB+T6yeYMJw== HOST-CA' ~/.ssh/known_hosts || echo '@cert-authority * ssh-rsa AAAAB3NzaC1yc2EAAAADAQABAAACAQDFmZo/bkvhmUEjx3erXC+rZ1R3htLHtz0VzZNpgQD2sT2KZLW3yBiKYIKgxICM04MQsVHY1k5y4ek/tgnw05m5KOO5KTHxxKjcBKf2EyvwG0o8vnzo6UgweqXEePigAzSGQfcsGp75tVu3qmeLKXtJOo1WaWmTSNH4Qoq89xRiPslCVDi1i2VEPxJi3+eeFL5WO+nBK9Xt28DaXY4B43sgC1KC6DSRUR2JhlgPGMKP2eTE5+UaEldyPVzdIl2j3tLsaURfr+cZ6ryPEE9phT1bjcOSC3A88NrROZH1FvpZpG6NQPXusTWjre/NIz2TdG44AopbFRKAEpMVFw67AJ6oDWHPTrh2TGh3SQEIIZTdhudZIHnwiSBuKUOqyV65KH/mmy5gr8X2miHbM+qh6ISjqwPN6TjAhUPgkjxtwa7K+tDseBoFsrRIgP65hHAIlEFodHUI8Lu3P5HswH39z8ouEDR+qU54z9JO/E0Mw9YQPk19A6jr7o9/06wqSXfkVmS1VwvyZI90Zqrtg4+lZ3Zq/GLDqpxTlakfEAddOd9Ns01GgeSab4mKDwB6r2VTsunXQ4DDJkzxm9ioJmX7Ctv9J50Hqqcv+kiM8jJHrsB4IIrc0Cc/qb08YAo//i44JTuPxs2+FS2ifDmQA+TK5fJxwUIQJ6KDQ+0wB+T6yeYMJw== HOST-CA' | tee -a ~/.ssh/known_hosts
@cert-authority * ssh-rsa AAAAB3NzaC1yc2EAAAADAQABAAACAQDFmZo/bkvhmUEjx3erXC+rZ1R3htLHtz0VzZNpgQD2sT2KZLW3yBiKYIKgxICM04MQsVHY1k5y4ek/tgnw05m5KOO5KTHxxKjcBKf2EyvwG0o8vnzo6UgweqXEePigAzSGQfcsGp75tVu3qmeLKXtJOo1WaWmTSNH4Qoq89xRiPslCVDi1i2VEPxJi3+eeFL5WO+nBK9Xt28DaXY4B43sgC1KC6DSRUR2JhlgPGMKP2eTE5+UaEldyPVzdIl2j3tLsaURfr+cZ6ryPEE9phT1bjcOSC3A88NrROZH1FvpZpG6NQPXusTWjre/NIz2TdG44AopbFRKAEpMVFw67AJ6oDWHPTrh2TGh3SQEIIZTdhudZIHnwiSBuKUOqyV65KH/mmy5gr8X2miHbM+qh6ISjqwPN6TjAhUPgkjxtwa7K+tDseBoFsrRIgP65hHAIlEFodHUI8Lu3P5HswH39z8ouEDR+qU54z9JO/E0Mw9YQPk19A6jr7o9/06wqSXfkVmS1VwvyZI90Zqrtg4+lZ3Zq/GLDqpxTlakfEAddOd9Ns01GgeSab4mKDwB6r2VTsunXQ4DDJkzxm9ioJmX7Ctv9J50Hqqcv+kiM8jJHrsB4IIrc0Cc/qb08YAo//i44JTuPxs2+FS2ifDmQA+TK5fJxwUIQJ6KDQ+0wB+T6yeYMJw== HOST-CA
graham@graz-baz:~/web_page_counter/terraform/VMware/Dev/Monolith $ cat ~/.ssh/known_hosts
@cert-authority * ssh-rsa AAAAB3NzaC1yc2EAAAADAQABAAACAQDFmZo/bkvhmUEjx3erXC+rZ1R3htLHtz0VzZNpgQD2sT2KZLW3yBiKYIKgxICM04MQsVHY1k5y4ek/tgnw05m5KOO5KTHxxKjcBKf2EyvwG0o8vnzo6UgweqXEePigAzSGQfcsGp75tVu3qmeLKXtJOo1WaWmTSNH4Qoq89xRiPslCVDi1i2VEPxJi3+eeFL5WO+nBK9Xt28DaXY4B43sgC1KC6DSRUR2JhlgPGMKP2eTE5+UaEldyPVzdIl2j3tLsaURfr+cZ6ryPEE9phT1bjcOSC3A88NrROZH1FvpZpG6NQPXusTWjre/NIz2TdG44AopbFRKAEpMVFw67AJ6oDWHPTrh2TGh3SQEIIZTdhudZIHnwiSBuKUOqyV65KH/mmy5gr8X2miHbM+qh6ISjqwPN6TjAhUPgkjxtwa7K+tDseBoFsrRIgP65hHAIlEFodHUI8Lu3P5HswH39z8ouEDR+qU54z9JO/E0Mw9YQPk19A6jr7o9/06wqSXfkVmS1VwvyZI90Zqrtg4+lZ3Zq/GLDqpxTlakfEAddOd9Ns01GgeSab4mKDwB6r2VTsunXQ4DDJkzxm9ioJmX7Ctv9J50Hqqcv+kiM8jJHrsB4IIrc0Cc/qb08YAo//i44JTuPxs2+FS2ifDmQA+TK5fJxwUIQJ6KDQ+0wB+T6yeYMJw== HOST-CA
@cert-authority * ssh-rsa AAAAB3NzaC1yc2EAAAADAQABAAACAQDFmZo/bkvhmUEjx3erXC+rZ1R3htLHtz0VzZNpgQD2sT2KZLW3yBiKYIKgxICM04MQsVHY1k5y4ek/tgnw05m5KOO5KTHxxKjcBKf2EyvwG0o8vnzo6UgweqXEePigAzSGQfcsGp75tVu3qmeLKXtJOo1WaWmTSNH4Qoq89xRiPslCVDi1i2VEPxJi3+eeFL5WO+nBK9Xt28DaXY4B43sgC1KC6DSRUR2JhlgPGMKP2eTE5+UaEldyPVzdIl2j3tLsaURfr+cZ6ryPEE9phT1bjcOSC3A88NrROZH1FvpZpG6NQPXusTWjre/NIz2TdG44AopbFRKAEpMVFw67AJ6oDWHPTrh2TGh3SQEIIZTdhudZIHnwiSBuKUOqyV65KH/mmy5gr8X2miHbM+qh6ISjqwPN6TjAhUPgkjxtwa7K+tDseBoFsrRIgP65hHAIlEFodHUI8Lu3P5HswH39z8ouEDR+qU54z9JO/E0Mw9YQPk19A6jr7o9/06wqSXfkVmS1VwvyZI90Zqrtg4+lZ3Zq/GLDqpxTlakfEAddOd9Ns01GgeSab4mKDwB6r2VTsunXQ4DDJkzxm9ioJmX7Ctv9J50Hqqcv+kiM8jJHrsB4IIrc0Cc/qb08YAo//i44JTuPxs2+FS2ifDmQA+TK5fJxwUIQJ6KDQ+0wB+T6yeYMJw== HOST-CA
graham@graz-baz:~/web_page_counter/terraform/VMware/Dev/Monolith $
And the big testâ€¦

1
2
3
4
5
6
7
8
9
10
11
12
13
14
15
16
17
18
19
20
21
22
23
24
25
26
27
28
29
30
31
32
33
34
35
36
37
38
39
40
41
42
graham@graz-baz:~/web_page_counter/terraform/VMware/Dev/Monolith $ ssh -v root@192.168.9.200
OpenSSH_7.4p1 Raspbian-10+deb9u7, OpenSSL 1.0.2u 20 Dec 2019
debug1: Reading configuration data /etc/ssh/ssh_config
debug1: /etc/ssh/ssh_config line 19: Applying options for *
debug1: Connecting to 192.168.9.200 [192.168.9.200] port 22.
debug1: Connection established.
debug1: identity file /home/graham/.ssh/id_rsa type 1
debug1: identity file /home/graham/.ssh/id_rsa-cert type 5
debug1: key_load_public: No such file or directory
debug1: identity file /home/graham/.ssh/id_dsa type -1
debug1: key_load_public: No such file or directory
debug1: identity file /home/graham/.ssh/id_dsa-cert type -1
debug1: key_load_public: No such file or directory
debug1: identity file /home/graham/.ssh/id_ecdsa type -1
debug1: key_load_public: No such file or directory
debug1: identity file /home/graham/.ssh/id_ecdsa-cert type -1
debug1: key_load_public: No such file or directory
debug1: identity file /home/graham/.ssh/id_ed25519 type -1
debug1: key_load_public: No such file or directory
debug1: identity file /home/graham/.ssh/id_ed25519-cert type -1
debug1: Enabling compatibility mode for protocol 2.0
debug1: Local version string SSH-2.0-OpenSSH_7.4p1 Raspbian-10+deb9u7
debug1: Remote protocol version 2.0, remote software version OpenSSH_7.6p1 Ubuntu-4ubuntu0.3
debug1: match: OpenSSH_7.6p1 Ubuntu-4ubuntu0.3 pat OpenSSH* compat 0x04000000
debug1: Authenticating to 192.168.9.200:22 as 'root'
debug1: SSH2_MSG_KEXINIT sent
debug1: SSH2_MSG_KEXINIT received
debug1: kex: algorithm: curve25519-sha256
debug1: kex: host key algorithm: ssh-rsa-cert-v01@openssh.com
debug1: kex: server->client cipher: chacha20-poly1305@openssh.com MAC: compression: none
 
debug1: kex: client->server cipher: chacha20-poly1305@openssh.com MAC: compression: none
 
debug1: expecting SSH2_MSG_KEX_ECDH_REPLY
 
debug1: Server host certificate: ssh-rsa-cert-v01@openssh.com SHA256:3lpUNJcP8GDhkHmozrhP4XA99s16AaV0kLI1fysjpEc, serial 0 ID "dev_host_server" CA ssh-rsa SHA256:uKJqQBCvoukiJ6n0GRX6Me8/VmHUB6bps81ekpUjdJ8 valid from 2020-01-03T16:51:35 to 2021-01-01T16:56:35
 
debug1: Host '192.168.9.200' is known and matches the RSA-CERT host certificate.
 
debug1: Found CA key in /home/graham/.ssh/known_hosts:1
 
debug1: rekey after 134217728 blocks
Client Certificate Configuration

STEP 10 ON CA SERVER â€“ CREATE A CLIENT CA SIGNING KEY
1
2
3
4
5
6
7
8
9
10
11
12
13
14
15
16
17
18
19
20
21
22
23
24
25
26
27
28
29
30
31
$ ssh-keygen -t rsa -N '' -C CLIENT-CA -b 4096 -f client-ca
Generating public/private rsa key pair.
Your identification has been saved in client-ca.
Your public key has been saved in client-ca.pub.
The key fingerprint is:
SHA256:bDOWewefRFdvXDGQixnVgVjnHHPSjOLeO381BiAPF/Q CLIENT-CA
The keys randomart image is:
+---[RSA 4096]----+
| .o=+*@*|
| o =oo==X|
| =.*Eoo+|
| . . =.+ . |
| S ..... |
| o + +...o.|
| . . + ..o|
| . . o .|
| oo|
+----[SHA256]-----+
~/hashistack-ca
$ ls -al
total 48
drwx------ 8 grazzer staff 256 3 Jan 21:30 .
drwxr-xr-x+ 106 grazzer staff 3392 3 Jan 17:21 ..
-rw-r--r--@ 1 grazzer staff 6148 3 Jan 21:00 .DS_Store
-rw------- 1 grazzer staff 3369 3 Jan 21:30 client-ca
-rw------- 1 grazzer staff 735 3 Jan 21:30 client-ca.pub
-rw------- 1 grazzer staff 3247 3 Jan 20:46 host-ca
-rw------- 1 grazzer staff 733 3 Jan 20:46 host-ca.pub
drwx------ 5 grazzer staff 160 3 Jan 20:50 tmp-keys
~/hashistack-ca
$
STEP 11 ON CA SERVER â€“ COPY PUBLIC CLIENT CA SIGNING KEY TO ALL TARGET HOSTS
1
2
3
$ scp client-ca.pub root@192.168.9.200:/etc/ssh/client-ca.pub
client-ca.pub
$
STEP 12 ON TARGET HOSTS â€“ CONFIGURE TO USE NEW PUBLIC CLIENT CA KEY
1
2
3
4
5
6
7
8
9
10
11
12
13
14
15
16
17
18
19
20
vagrant@redis01:~$ sudo mv .ssh/client-ca.pub /etc/ssh/.
vagrant@redis01:~$ chmod 644 /etc/ssh/client-ca.pub
vagrant@redis01:~$ grep -qxF 'TrustedUserCAKeys /etc/ssh/client-ca.pub' /etc/ssh/sshd_config || echo 'TrustedUserCAKeys /etc/ssh/client-ca.pub' | sudo tee -a /etc/ssh/sshd_config
TrustedUserCAKeys /etc/ssh/client-ca.pub
vagrant@redis01:~$ sudo systemctl restart ssh
vagrant@redis01:~$ sudo systemctl status ssh
â— ssh.service - OpenBSD Secure Shell server
Loaded: loaded (/lib/systemd/system/ssh.service; enabled; vendor preset: enabled)
Active: active (running) since Fri 2020-01-03 22:18:58 UTC; 30s ago
Process: 29741 ExecStartPre=/usr/sbin/sshd -t (code=exited, status=0/SUCCESS)
Main PID: 29743 (sshd)
Tasks: 1 (limit: 1112)
CGroup: /system.slice/ssh.service
â””â”€29743 /usr/sbin/sshd -D
 
Jan 03 22:18:58 redis01 systemd[1]: Starting OpenBSD Secure Shell server...
Jan 03 22:18:58 redis01 sshd[29743]: Server listening on 0.0.0.0 port 22.
Jan 03 22:18:58 redis01 sshd[29743]: Server listening on :: port 22.
Jan 03 22:18:58 redis01 systemd[1]: Started OpenBSD Secure Shell server.
vagrant@redis01:~$
STEP 13 ON CA SERVER â€“ CREATE INDIVIDUAL CLIENT SIGNED CERTIFICATES
1
2
3
4
5
6
7
$ ssh-keygen -s ../client-ca -I graham-dev -n root,vagrant,graham,pi -V -5:+52w -z 1 id_rsa.pub
Signed user key id_rsa-cert.pub: id "graham-dev" serial 1 for root,vagrant,graham,pi valid from 2020-01-03T23:05:07 to 2021-01-01T23:05:12
~/hashistack-ca/client-key
$ scp id_rsa-cert.pub graham@192.168.1.199:/home/graham/.ssh/id_rsa-cert.pub
id_rsa-cert.pub 100% 2562 136.2KB/s 00:00
~/hashistack-ca/client-key
$
STEP 14 ON CLIENT(S) â€“ TEST NEW SSH CERTIFICATE ACCESS
1
2
3
4
5
6
7
8
9
10
11
12
13
14
15
16
17
18
19
20
21
22
23
24
25
26
27
28
29
30
31
32
33
34
35
36
37
38
39
40
41
42
43
44
45
46
47
48
49
50
51
52
53
54
55
56
57
58
59
60
61
62
63
64
65
66
67
68
69
70
71
72
73
74
75
76
77
78
79
80
81
82
83
84
85
86
87
88
89
90
91
92
93
94
95
96
97
98
99
100
101
102
103
104
105
106
107
108
109
110
111
112
113
$ ssh -v root@192.168.9.200
OpenSSH_7.9p1, LibreSSL 2.7.3
debug1: Reading configuration data /etc/ssh/ssh_config
debug1: /etc/ssh/ssh_config line 48: Applying options for *
debug1: Connecting to 192.168.9.200 [192.168.9.200] port 22.
debug1: Connection established.
debug1: identity file /Users/grazzer/.ssh/id_rsa type 0
debug1: identity file /Users/grazzer/.ssh/id_rsa-cert type 4
debug1: identity file /Users/grazzer/.ssh/id_dsa type -1
debug1: identity file /Users/grazzer/.ssh/id_dsa-cert type -1
debug1: identity file /Users/grazzer/.ssh/id_ecdsa type -1
debug1: identity file /Users/grazzer/.ssh/id_ecdsa-cert type -1
debug1: identity file /Users/grazzer/.ssh/id_ed25519 type -1
debug1: identity file /Users/grazzer/.ssh/id_ed25519-cert type -1
debug1: identity file /Users/grazzer/.ssh/id_xmss type -1
debug1: identity file /Users/grazzer/.ssh/id_xmss-cert type -1
debug1: Local version string SSH-2.0-OpenSSH_7.9
debug1: Remote protocol version 2.0, remote software version OpenSSH_7.6p1 Ubuntu-4ubuntu0.3
debug1: match: OpenSSH_7.6p1 Ubuntu-4ubuntu0.3 pat OpenSSH_7.0*,OpenSSH_7.1*,OpenSSH_7.2*,OpenSSH_7.3*,OpenSSH_7.4*,OpenSSH_7.5*,OpenSSH_7.6*,OpenSSH_7.7* compat 0x04000002
debug1: Authenticating to 192.168.9.200:22 as 'root'
debug1: SSH2_MSG_KEXINIT sent
debug1: SSH2_MSG_KEXINIT received
debug1: kex: algorithm: curve25519-sha256
debug1: kex: host key algorithm: ssh-rsa-cert-v01@openssh.com
debug1: kex: server->client cipher: chacha20-poly1305@openssh.com MAC: compression: none
 
debug1: kex: client->server cipher: chacha20-poly1305@openssh.com MAC: compression: none
 
debug1: expecting SSH2_MSG_KEX_ECDH_REPLY
 
debug1: Server host certificate: ssh-rsa-cert-v01@openssh.com SHA256:3lpUNJcP8GDhkHmozrhP4XA99s16AaV0kLI1fysjpEc, serial 0 ID "dev_host_server" CA ssh-rsa SHA256:uKJqQBCvoukiJ6n0GRX6Me8/VmHUB6bps81ekpUjdJ8 valid from 2020-01-03T16:51:35 to 2021-01-01T16:56:35
 
debug1: Host '192.168.9.200' is known and matches the RSA-CERT host certificate.
 
debug1: Found CA key in /Users/grazzer/.ssh/known_hosts:1
 
debug1: rekey after 134217728 blocks
 
debug1: SSH2_MSG_NEWKEYS sent
 
debug1: expecting SSH2_MSG_NEWKEYS
 
debug1: SSH2_MSG_NEWKEYS received
 
debug1: rekey after 134217728 blocks
 
debug1: Will attempt key: /Users/grazzer/.ssh/id_rsa RSA SHA256:ZjZMqCQywrvljKloim0haaUEx7Io0NrVHO5QxXWaZdc
 
debug1: Will attempt key: /Users/grazzer/.ssh/id_rsa RSA-CERT SHA256:ZjZMqCQywrvljKloim0haaUEx7Io0NrVHO5QxXWaZdc
 
debug1: Will attempt key: /Users/grazzer/.ssh/id_dsa
 
debug1: Will attempt key: /Users/grazzer/.ssh/id_ecdsa
 
debug1: Will attempt key: /Users/grazzer/.ssh/id_ed25519
 
debug1: Will attempt key: /Users/grazzer/.ssh/id_xmss
 
debug1: SSH2_MSG_EXT_INFO received
 
debug1: kex_input_ext_info: server-sig-algs=ssh-ed25519
 
debug1: SSH2_MSG_SERVICE_ACCEPT received
 
debug1: Authentications that can continue: publickey,password
 
debug1: Next authentication method: publickey
 
debug1: Offering public key: /Users/grazzer/.ssh/id_rsa RSA SHA256:ZjZMqCQywrvljKloim0haaUEx7Io0NrVHO5QxXWaZdc
 
debug1: Authentications that can continue: publickey,password
 
debug1: Offering public key: /Users/grazzer/.ssh/id_rsa RSA-CERT SHA256:ZjZMqCQywrvljKloim0haaUEx7Io0NrVHO5QxXWaZdc
 
debug1: Server accepts key: /Users/grazzer/.ssh/id_rsa RSA-CERT SHA256:ZjZMqCQywrvljKloim0haaUEx7Io0NrVHO5QxXWaZdc
 
debug1: Authentication succeeded (publickey).
 
Authenticated to 192.168.9.200 ([192.168.9.200]:22).
 
debug1: channel 0: new [client-session]
 
debug1: Requesting no-more-sessions@openssh.com
 
debug1: Entering interactive session.
 
debug1: pledge: network
 
debug1: client_input_global_request: rtype hostkeys-00@openssh.com want_reply 0
 
debug1: Sending environment.
 
debug1: Sending env LANG = en_GB.UTF-8
 
debug1: Sending env LC_TERMINAL_VERSION = 3.3.6
 
debug1: Sending env LC_TERMINAL = iTerm2
 
Welcome to Ubuntu 18.04.3 LTS (GNU/Linux 4.15.0-72-generic x86_64)
 
* Documentation: https://help.ubuntu.com
* Management: https://landscape.canonical.com
* Support: https://ubuntu.com/advantage
 
* Overheard at KubeCon: "microk8s.status just blew my mind".
 
https://microk8s.io/docs/commands#microk8s.status
 
* Canonical Livepatch is available for installation.
- Reduce system reboots and improve kernel security. Activate at:
https://ubuntu.com/livepatch
Last login: Fri Jan 3 22:46:44 2020 from 192.168.2.101
root@redis01:~#
Note:

The certificate generated above is Valid -V from 5 minutes ago for the next 30 days -5m:+30d. Ideally keep this as short as possible â€“ for my dev/play environment security is not a real concern â€“ 30 days is fine.